npm error code ENOENT
npm error syscall open
npm error path D:\ドキュメント\Claude_kohei\package.json
npm error errno -4058
npm error enoent Could not read package.json: Error: ENOENT: no such file or directory, open 'D:\ドキュメント\Claude_kohei\package.json'
npm error enoent This is related to npm not being able to find a file.
npm error enoent
npm error A complete log of this run can be found in: C:\Users\kohei\AppData\Local\npm-cache\_logs\2026-06-05T08_19_53_919Z-debug-0.log
